[    2175ms] [INFO] %cDownload the React DevTools for a better development experience: https://react.dev/link/react-devtools font-weight:bold @ http://localhost:3000/_next/static/chunks/node_modules_next_dist_1e8vcs8._.js:776
[    2190ms] [LOG] [HMR] connected @ http://localhost:3000/_next/static/chunks/node_modules_next_dist_1e8vcs8._.js:776
[    2442ms] [WARNING] Clerk: Clerk has been loaded with development keys. Development instances have strict usage limits and should not be used when deploying your application to production. Learn more: https://clerk.com/docs/deployments/overview @ http://localhost:3000/_next/static/chunks/node_modules_next_dist_1e8vcs8._.js:776
[    3017ms] [VERBOSE] [DOM] Input elements should have autocomplete attributes (suggested: "current-password"): (More info: https://goo.gl/9p2vKq) %o @ http://localhost:3000/sign-in?redirect_url=http%3A%2F%2Flocalhost%3A3000%2Fdashboard:0
[   84547ms] [ERROR] Failed to load resource: the server responded with a status of 422 () @ https://tolerant-rabbit-9768.clerk.accounts.dev/v1/client/sign_ins?__clerk_api_version=2026-05-12&_clerk_js_version=6.29.0&__clerk_db_jwt=dvb_3I4SYnlN93tBpxdfVCLgKF2iFwI:0
[  102320ms] [VERBOSE] [DOM] Input elements should have autocomplete attributes (suggested: "username"): (More info: https://goo.gl/9p2vKq) %o @ http://localhost:3000/sign-up?redirect_url=http%3A%2F%2Flocalhost%3A3000%2Fdashboard:0
[  188527ms] [LOG] [Fast Refresh] rebuilding @ http://localhost:3000/_next/static/chunks/node_modules_next_dist_1e8vcs8._.js:776
[  188536ms] [LOG] [Fast Refresh] done in 115ms @ http://localhost:3000/_next/static/chunks/node_modules_next_dist_1e8vcs8._.js:776
[  189273ms] [LOG] [Fast Refresh] rebuilding @ http://localhost:3000/_next/static/chunks/node_modules_next_dist_1e8vcs8._.js:776
[  192506ms] [LOG] [Fast Refresh] done in 3312ms @ http://localhost:3000/_next/static/chunks/node_modules_next_dist_1e8vcs8._.js:776
[  192566ms] [LOG] [Fast Refresh] done in 3312ms @ http://localhost:3000/_next/static/chunks/node_modules_next_dist_1e8vcs8._.js:776
[  192630ms] [LOG] [Fast Refresh] done in 3312ms @ http://localhost:3000/_next/static/chunks/node_modules_next_dist_1e8vcs8._.js:776
[  192691ms] [LOG] [Fast Refresh] done in 3312ms @ http://localhost:3000/_next/static/chunks/node_modules_next_dist_1e8vcs8._.js:776
[  192738ms] [LOG] [Fast Refresh] done in 3312ms @ http://localhost:3000/_next/static/chunks/node_modules_next_dist_1e8vcs8._.js:776
[  192801ms] [LOG] [Fast Refresh] done in 3312ms @ http://localhost:3000/_next/static/chunks/node_modules_next_dist_1e8vcs8._.js:776
[  192862ms] [LOG] [Fast Refresh] done in 3312ms @ http://localhost:3000/_next/static/chunks/node_modules_next_dist_1e8vcs8._.js:776
[  192925ms] [LOG] [Fast Refresh] done in 3312ms @ http://localhost:3000/_next/static/chunks/node_modules_next_dist_1e8vcs8._.js:776
[  192986ms] [LOG] [Fast Refresh] done in 3312ms @ http://localhost:3000/_next/static/chunks/node_modules_next_dist_1e8vcs8._.js:776
[  193046ms] [LOG] [Fast Refresh] done in 3312ms @ http://localhost:3000/_next/static/chunks/node_modules_next_dist_1e8vcs8._.js:776
[  193107ms] [LOG] [Fast Refresh] done in 3312ms @ http://localhost:3000/_next/static/chunks/node_modules_next_dist_1e8vcs8._.js:776
[  193169ms] [LOG] [Fast Refresh] done in 3312ms @ http://localhost:3000/_next/static/chunks/node_modules_next_dist_1e8vcs8._.js:776
[  193231ms] [LOG] [Fast Refresh] done in 3312ms @ http://localhost:3000/_next/static/chunks/node_modules_next_dist_1e8vcs8._.js:776
[  193291ms] [LOG] [Fast Refresh] done in 3312ms @ http://localhost:3000/_next/static/chunks/node_modules_next_dist_1e8vcs8._.js:776
[  193354ms] [LOG] [Fast Refresh] done in 3312ms @ http://localhost:3000/_next/static/chunks/node_modules_next_dist_1e8vcs8._.js:776
[  193416ms] [LOG] [Fast Refresh] done in 3312ms @ http://localhost:3000/_next/static/chunks/node_modules_next_dist_1e8vcs8._.js:776
[  193477ms] [LOG] [Fast Refresh] done in 3312ms @ http://localhost:3000/_next/static/chunks/node_modules_next_dist_1e8vcs8._.js:776
[  193540ms] [LOG] [Fast Refresh] done in 3312ms @ http://localhost:3000/_next/static/chunks/node_modules_next_dist_1e8vcs8._.js:776
[  193601ms] [LOG] [Fast Refresh] done in 3312ms @ http://localhost:3000/_next/static/chunks/node_modules_next_dist_1e8vcs8._.js:776
[  193662ms] [LOG] [Fast Refresh] done in 3312ms @ http://localhost:3000/_next/static/chunks/node_modules_next_dist_1e8vcs8._.js:776
[  193724ms] [LOG] [Fast Refresh] done in 3312ms @ http://localhost:3000/_next/static/chunks/node_modules_next_dist_1e8vcs8._.js:776
[  193786ms] [LOG] [Fast Refresh] done in 3312ms @ http://localhost:3000/_next/static/chunks/node_modules_next_dist_1e8vcs8._.js:776
[  193847ms] [LOG] [Fast Refresh] done in 3312ms @ http://localhost:3000/_next/static/chunks/node_modules_next_dist_1e8vcs8._.js:776
[  193909ms] [LOG] [Fast Refresh] done in 3312ms @ http://localhost:3000/_next/static/chunks/node_modules_next_dist_1e8vcs8._.js:776
[  193971ms] [LOG] [Fast Refresh] done in 3312ms @ http://localhost:3000/_next/static/chunks/node_modules_next_dist_1e8vcs8._.js:776
[  194034ms] [LOG] [Fast Refresh] done in 3312ms @ http://localhost:3000/_next/static/chunks/node_modules_next_dist_1e8vcs8._.js:776
[  194095ms] [LOG] [Fast Refresh] done in 3312ms @ http://localhost:3000/_next/static/chunks/node_modules_next_dist_1e8vcs8._.js:776
[  194158ms] [LOG] [Fast Refresh] done in 3312ms @ http://localhost:3000/_next/static/chunks/node_modules_next_dist_1e8vcs8._.js:776
[  194219ms] [LOG] [Fast Refresh] done in 3312ms @ http://localhost:3000/_next/static/chunks/node_modules_next_dist_1e8vcs8._.js:776
[  194280ms] [LOG] [Fast Refresh] done in 3312ms @ http://localhost:3000/_next/static/chunks/node_modules_next_dist_1e8vcs8._.js:776
[  194342ms] [LOG] [Fast Refresh] done in 3312ms @ http://localhost:3000/_next/static/chunks/node_modules_next_dist_1e8vcs8._.js:776
[  194403ms] [LOG] [Fast Refresh] done in 3312ms @ http://localhost:3000/_next/static/chunks/node_modules_next_dist_1e8vcs8._.js:776
[  194465ms] [LOG] [Fast Refresh] done in 3312ms @ http://localhost:3000/_next/static/chunks/node_modules_next_dist_1e8vcs8._.js:776
[  194529ms] [LOG] [Fast Refresh] done in 3312ms @ http://localhost:3000/_next/static/chunks/node_modules_next_dist_1e8vcs8._.js:776
[  194591ms] [LOG] [Fast Refresh] done in 3312ms @ http://localhost:3000/_next/static/chunks/node_modules_next_dist_1e8vcs8._.js:776
[  194654ms] [LOG] [Fast Refresh] done in 3312ms @ http://localhost:3000/_next/static/chunks/node_modules_next_dist_1e8vcs8._.js:776
[  194716ms] [LOG] [Fast Refresh] done in 3312ms @ http://localhost:3000/_next/static/chunks/node_modules_next_dist_1e8vcs8._.js:776
[  194779ms] [LOG] [Fast Refresh] done in 3312ms @ http://localhost:3000/_next/static/chunks/node_modules_next_dist_1e8vcs8._.js:776
[  194840ms] [LOG] [Fast Refresh] done in 3312ms @ http://localhost:3000/_next/static/chunks/node_modules_next_dist_1e8vcs8._.js:776
[  194902ms] [LOG] [Fast Refresh] done in 3312ms @ http://localhost:3000/_next/static/chunks/node_modules_next_dist_1e8vcs8._.js:776
[  194962ms] [LOG] [Fast Refresh] done in 3312ms @ http://localhost:3000/_next/static/chunks/node_modules_next_dist_1e8vcs8._.js:776
[  195023ms] [LOG] [Fast Refresh] done in 3312ms @ http://localhost:3000/_next/static/chunks/node_modules_next_dist_1e8vcs8._.js:776
[  195085ms] [LOG] [Fast Refresh] done in 3312ms @ http://localhost:3000/_next/static/chunks/node_modules_next_dist_1e8vcs8._.js:776
[  195147ms] [LOG] [Fast Refresh] done in 3312ms @ http://localhost:3000/_next/static/chunks/node_modules_next_dist_1e8vcs8._.js:776
[  195208ms] [LOG] [Fast Refresh] done in 3312ms @ http://localhost:3000/_next/static/chunks/node_modules_next_dist_1e8vcs8._.js:776
[  195270ms] [LOG] [Fast Refresh] done in 3312ms @ http://localhost:3000/_next/static/chunks/node_modules_next_dist_1e8vcs8._.js:776
[  195333ms] [LOG] [Fast Refresh] done in 3312ms @ http://localhost:3000/_next/static/chunks/node_modules_next_dist_1e8vcs8._.js:776
[  195394ms] [LOG] [Fast Refresh] done in 3312ms @ http://localhost:3000/_next/static/chunks/node_modules_next_dist_1e8vcs8._.js:776
[  195456ms] [LOG] [Fast Refresh] done in 3312ms @ http://localhost:3000/_next/static/chunks/node_modules_next_dist_1e8vcs8._.js:776
[  195518ms] [LOG] [Fast Refresh] done in 3312ms @ http://localhost:3000/_next/static/chunks/node_modules_next_dist_1e8vcs8._.js:776
[  195580ms] [LOG] [Fast Refresh] done in 3312ms @ http://localhost:3000/_next/static/chunks/node_modules_next_dist_1e8vcs8._.js:776
[  195642ms] [LOG] [Fast Refresh] done in 3312ms @ http://localhost:3000/_next/static/chunks/node_modules_next_dist_1e8vcs8._.js:776
[  195706ms] [LOG] [Fast Refresh] done in 3312ms @ http://localhost:3000/_next/static/chunks/node_modules_next_dist_1e8vcs8._.js:776
[  195763ms] [LOG] [Fast Refresh] done in 3312ms @ http://localhost:3000/_next/static/chunks/node_modules_next_dist_1e8vcs8._.js:776
[  195827ms] [LOG] [Fast Refresh] done in 3312ms @ http://localhost:3000/_next/static/chunks/node_modules_next_dist_1e8vcs8._.js:776
[  195887ms] [LOG] [Fast Refresh] done in 3312ms @ http://localhost:3000/_next/static/chunks/node_modules_next_dist_1e8vcs8._.js:776
[  195949ms] [LOG] [Fast Refresh] done in 3312ms @ http://localhost:3000/_next/static/chunks/node_modules_next_dist_1e8vcs8._.js:776
[  196013ms] [LOG] [Fast Refresh] done in 3312ms @ http://localhost:3000/_next/static/chunks/node_modules_next_dist_1e8vcs8._.js:776
[  196074ms] [LOG] [Fast Refresh] done in 3312ms @ http://localhost:3000/_next/static/chunks/node_modules_next_dist_1e8vcs8._.js:776
[  196137ms] [LOG] [Fast Refresh] done in 3312ms @ http://localhost:3000/_next/static/chunks/node_modules_next_dist_1e8vcs8._.js:776
[  196200ms] [LOG] [Fast Refresh] done in 3312ms @ http://localhost:3000/_next/static/chunks/node_modules_next_dist_1e8vcs8._.js:776
[  196262ms] [LOG] [Fast Refresh] done in 3312ms @ http://localhost:3000/_next/static/chunks/node_modules_next_dist_1e8vcs8._.js:776
[  196325ms] [LOG] [Fast Refresh] done in 3312ms @ http://localhost:3000/_next/static/chunks/node_modules_next_dist_1e8vcs8._.js:776
[  196386ms] [LOG] [Fast Refresh] done in 3312ms @ http://localhost:3000/_next/static/chunks/node_modules_next_dist_1e8vcs8._.js:776
[  196572ms] [LOG] [Fast Refresh] done in 3312ms @ http://localhost:3000/_next/static/chunks/node_modules_next_dist_1e8vcs8._.js:776
[  196633ms] [LOG] [Fast Refresh] done in 3312ms @ http://localhost:3000/_next/static/chunks/node_modules_next_dist_1e8vcs8._.js:776
[  196695ms] [LOG] [Fast Refresh] done in 3312ms @ http://localhost:3000/_next/static/chunks/node_modules_next_dist_1e8vcs8._.js:776
[  196759ms] [LOG] [Fast Refresh] done in 3312ms @ http://localhost:3000/_next/static/chunks/node_modules_next_dist_1e8vcs8._.js:776
[  196819ms] [LOG] [Fast Refresh] done in 3312ms @ http://localhost:3000/_next/static/chunks/node_modules_next_dist_1e8vcs8._.js:776
[  196881ms] [LOG] [Fast Refresh] done in 3312ms @ http://localhost:3000/_next/static/chunks/node_modules_next_dist_1e8vcs8._.js:776
[  196943ms] [LOG] [Fast Refresh] done in 3312ms @ http://localhost:3000/_next/static/chunks/node_modules_next_dist_1e8vcs8._.js:776
[  197006ms] [LOG] [Fast Refresh] done in 3312ms @ http://localhost:3000/_next/static/chunks/node_modules_next_dist_1e8vcs8._.js:776
[  197067ms] [LOG] [Fast Refresh] done in 3312ms @ http://localhost:3000/_next/static/chunks/node_modules_next_dist_1e8vcs8._.js:776
[  197128ms] [LOG] [Fast Refresh] done in 3312ms @ http://localhost:3000/_next/static/chunks/node_modules_next_dist_1e8vcs8._.js:776
[  197189ms] [LOG] [Fast Refresh] done in 3312ms @ http://localhost:3000/_next/static/chunks/node_modules_next_dist_1e8vcs8._.js:776
[  197253ms] [LOG] [Fast Refresh] done in 3312ms @ http://localhost:3000/_next/static/chunks/node_modules_next_dist_1e8vcs8._.js:776
[  197314ms] [LOG] [Fast Refresh] done in 3312ms @ http://localhost:3000/_next/static/chunks/node_modules_next_dist_1e8vcs8._.js:776
[  197376ms] [LOG] [Fast Refresh] done in 3312ms @ http://localhost:3000/_next/static/chunks/node_modules_next_dist_1e8vcs8._.js:776
[  197438ms] [LOG] [Fast Refresh] done in 3312ms @ http://localhost:3000/_next/static/chunks/node_modules_next_dist_1e8vcs8._.js:776
[  197485ms] [LOG] [Fast Refresh] done in 3312ms @ http://localhost:3000/_next/static/chunks/node_modules_next_dist_1e8vcs8._.js:776
[  197531ms] [LOG] [Fast Refresh] done in 3312ms @ http://localhost:3000/_next/static/chunks/node_modules_next_dist_1e8vcs8._.js:776
[  197593ms] [LOG] [Fast Refresh] done in 3312ms @ http://localhost:3000/_next/static/chunks/node_modules_next_dist_1e8vcs8._.js:776
[  197655ms] [LOG] [Fast Refresh] done in 3312ms @ http://localhost:3000/_next/static/chunks/node_modules_next_dist_1e8vcs8._.js:776
[  197715ms] [LOG] [Fast Refresh] done in 3312ms @ http://localhost:3000/_next/static/chunks/node_modules_next_dist_1e8vcs8._.js:776
[  197776ms] [LOG] [Fast Refresh] done in 3312ms @ http://localhost:3000/_next/static/chunks/node_modules_next_dist_1e8vcs8._.js:776
[  197900ms] [LOG] [Fast Refresh] done in 3312ms @ http://localhost:3000/_next/static/chunks/node_modules_next_dist_1e8vcs8._.js:776
[  197962ms] [LOG] [Fast Refresh] done in 3312ms @ http://localhost:3000/_next/static/chunks/node_modules_next_dist_1e8vcs8._.js:776
[  198025ms] [LOG] [Fast Refresh] done in 3312ms @ http://localhost:3000/_next/static/chunks/node_modules_next_dist_1e8vcs8._.js:776
[  198085ms] [LOG] [Fast Refresh] done in 3312ms @ http://localhost:3000/_next/static/chunks/node_modules_next_dist_1e8vcs8._.js:776
[  198147ms] [LOG] [Fast Refresh] done in 3312ms @ http://localhost:3000/_next/static/chunks/node_modules_next_dist_1e8vcs8._.js:776
[  198209ms] [LOG] [Fast Refresh] done in 3312ms @ http://localhost:3000/_next/static/chunks/node_modules_next_dist_1e8vcs8._.js:776
[  198271ms] [LOG] [Fast Refresh] done in 3312ms @ http://localhost:3000/_next/static/chunks/node_modules_next_dist_1e8vcs8._.js:776
[  198332ms] [LOG] [Fast Refresh] done in 3312ms @ http://localhost:3000/_next/static/chunks/node_modules_next_dist_1e8vcs8._.js:776
[  198392ms] [LOG] [Fast Refresh] done in 3312ms @ http://localhost:3000/_next/static/chunks/node_modules_next_dist_1e8vcs8._.js:776
[  198455ms] [LOG] [Fast Refresh] done in 3312ms @ http://localhost:3000/_next/static/chunks/node_modules_next_dist_1e8vcs8._.js:776
[  198516ms] [LOG] [Fast Refresh] done in 3312ms @ http://localhost:3000/_next/static/chunks/node_modules_next_dist_1e8vcs8._.js:776
[  198539ms] [LOG] /.*.*=.*/ @ https://challenges.cloudflare.com/cdn-cgi/challenge-platform/h/g/turnstile/f/av0/rch/b6t8v/0x4AAAAAAAWXJGBD7bONzLBd/auto/fbE/new/normal?lang=en-us:0
[  198539ms] [LOG] /.*.*=.*/ @ https://challenges.cloudflare.com/cdn-cgi/challenge-platform/h/g/turnstile/f/av0/rch/b6t8v/0x4AAAAAAAWXJGBD7bONzLBd/auto/fbE/new/normal?lang=en-us:0
[  198539ms] [LOG] function () { [native code] } @ https://challenges.cloudflare.com/cdn-cgi/challenge-platform/h/g/turnstile/f/av0/rch/b6t8v/0x4AAAAAAAWXJGBD7bONzLBd/auto/fbE/new/normal?lang=en-us:0
[  198539ms] [LOG] function () { [native code] } @ https://challenges.cloudflare.com/cdn-cgi/challenge-platform/h/g/turnstile/f/av0/rch/b6t8v/0x4AAAAAAAWXJGBD7bONzLBd/auto/fbE/new/normal?lang=en-us:0
[  198539ms] [LOG] JSHandle@node @ https://challenges.cloudflare.com/cdn-cgi/challenge-platform/h/g/turnstile/f/av0/rch/b6t8v/0x4AAAAAAAWXJGBD7bONzLBd/auto/fbE/new/normal?lang=en-us:0
[  198539ms] [LOG] JSHandle@node @ https://challenges.cloudflare.com/cdn-cgi/challenge-platform/h/g/turnstile/f/av0/rch/b6t8v/0x4AAAAAAAWXJGBD7bONzLBd/auto/fbE/new/normal?lang=en-us:0
[  198540ms] [COUNT]  : 1 @ https://challenges.cloudflare.com/cdn-cgi/challenge-platform/h/g/turnstile/f/av0/rch/b6t8v/0x4AAAAAAAWXJGBD7bONzLBd/auto/fbE/new/normal?lang=en-us:0
[  198540ms] [COUNT]  : 1 @ https://challenges.cloudflare.com/cdn-cgi/challenge-platform/h/g/turnstile/f/av0/rch/b6t8v/0x4AAAAAAAWXJGBD7bONzLBd/auto/fbE/new/normal?lang=en-us:0
[  198541ms] [DIR]  Error @ https://challenges.cloudflare.com/cdn-cgi/challenge-platform/h/g/turnstile/f/av0/rch/b6t8v/0x4AAAAAAAWXJGBD7bONzLBd/auto/fbE/new/normal?lang=en-us:0
[  198541ms] [DIR]  Error @ https://challenges.cloudflare.com/cdn-cgi/challenge-platform/h/g/turnstile/f/av0/rch/b6t8v/0x4AAAAAAAWXJGBD7bONzLBd/auto/fbE/new/normal?lang=en-us:0
[  198541ms] [DIRXML] %c%d font-size:0;color:transparent Error @ https://challenges.cloudflare.com/cdn-cgi/challenge-platform/h/g/turnstile/f/av0/rch/b6t8v/0x4AAAAAAAWXJGBD7bONzLBd/auto/fbE/new/normal?lang=en-us:0
[  198541ms] [DIRXML] %c%d font-size:0;color:transparent Error @ https://challenges.cloudflare.com/cdn-cgi/challenge-platform/h/g/turnstile/f/av0/rch/b6t8v/0x4AAAAAAAWXJGBD7bONzLBd/auto/fbE/new/normal?lang=en-us:0
[  198541ms] [ERROR] %c%d font-size:0;color:transparent NaN @ https://challenges.cloudflare.com/cdn-cgi/challenge-platform/h/g/turnstile/f/av0/rch/b6t8v/0x4AAAAAAAWXJGBD7bONzLBd/auto/fbE/new/normal?lang=en-us:0
[  198541ms] [ERROR] %c%d font-size:0;color:transparent NaN @ https://challenges.cloudflare.com/cdn-cgi/challenge-platform/h/g/turnstile/f/av0/rch/b6t8v/0x4AAAAAAAWXJGBD7bONzLBd/auto/fbE/new/normal?lang=en-us:0
[  198541ms] [INFO] %c%d font-size:0;color:transparent NaN @ https://challenges.cloudflare.com/cdn-cgi/challenge-platform/h/g/turnstile/f/av0/rch/b6t8v/0x4AAAAAAAWXJGBD7bONzLBd/auto/fbE/new/normal?lang=en-us:0
[  198542ms] [INFO] %c%d font-size:0;color:transparent NaN @ https://challenges.cloudflare.com/cdn-cgi/challenge-platform/h/g/turnstile/f/av0/rch/b6t8v/0x4AAAAAAAWXJGBD7bONzLBd/auto/fbE/new/normal?lang=en-us:0
[  198542ms] [LOG] %c%d font-size:0;color:transparent NaN @ https://challenges.cloudflare.com/cdn-cgi/challenge-platform/h/g/turnstile/f/av0/rch/b6t8v/0x4AAAAAAAWXJGBD7bONzLBd/auto/fbE/new/normal?lang=en-us:0
[  198542ms] [LOG] %c%d font-size:0;color:transparent NaN @ https://challenges.cloudflare.com/cdn-cgi/challenge-platform/h/g/turnstile/f/av0/rch/b6t8v/0x4AAAAAAAWXJGBD7bONzLBd/auto/fbE/new/normal?lang=en-us:0
[  198542ms] [TABLE] %c%d font-size:0;color:transparent Error @ https://challenges.cloudflare.com/cdn-cgi/challenge-platform/h/g/turnstile/f/av0/rch/b6t8v/0x4AAAAAAAWXJGBD7bONzLBd/auto/fbE/new/normal?lang=en-us:0
[  198542ms] [TABLE] %c%d font-size:0;color:transparent Error @ https://challenges.cloudflare.com/cdn-cgi/challenge-platform/h/g/turnstile/f/av0/rch/b6t8v/0x4AAAAAAAWXJGBD7bONzLBd/auto/fbE/new/normal?lang=en-us:0
[  198542ms] [WARNING] %c%d font-size:0;color:transparent NaN @ https://challenges.cloudflare.com/cdn-cgi/challenge-platform/h/g/turnstile/f/av0/rch/b6t8v/0x4AAAAAAAWXJGBD7bONzLBd/auto/fbE/new/normal?lang=en-us:0
[  198543ms] [WARNING] %c%d font-size:0;color:transparent NaN @ https://challenges.cloudflare.com/cdn-cgi/challenge-platform/h/g/turnstile/f/av0/rch/b6t8v/0x4AAAAAAAWXJGBD7bONzLBd/auto/fbE/new/normal?lang=en-us:0
[  198609ms] [LOG] [Fast Refresh] done in 3312ms @ http://localhost:3000/_next/static/chunks/node_modules_next_dist_1e8vcs8._.js:776
[  198672ms] [LOG] [Fast Refresh] done in 3312ms @ http://localhost:3000/_next/static/chunks/node_modules_next_dist_1e8vcs8._.js:776
[  198733ms] [LOG] [Fast Refresh] done in 3312ms @ http://localhost:3000/_next/static/chunks/node_modules_next_dist_1e8vcs8._.js:776
[  198794ms] [LOG] [Fast Refresh] done in 3312ms @ http://localhost:3000/_next/static/chunks/node_modules_next_dist_1e8vcs8._.js:776
[  198857ms] [LOG] [Fast Refresh] done in 3312ms @ http://localhost:3000/_next/static/chunks/node_modules_next_dist_1e8vcs8._.js:776
[  198913ms] [WARNING] OTS parsing error: Size of decompressed WOFF 2.0 is less than compressed size @ https://challenges.cloudflare.com/cdn-cgi/challenge-platform/h/g/turnstile/f/av0/rch/b6t8v/0x4AAAAAAAWXJGBD7bONzLBd/auto/fbE/new/normal?lang=en-us:0
[  198916ms] [WARNING] The powerPreference option is currently ignored when calling requestAdapter() on Windows. See https://crbug.com/369219127 @ https://challenges.cloudflare.com/cdn-cgi/challenge-platform/h/g/turnstile/f/av0/rch/b6t8v/0x4AAAAAAAWXJGBD7bONzLBd/auto/fbE/new/normal?lang=en-us:0
[  198916ms] [WARNING] The powerPreference option is currently ignored when calling requestAdapter() on Windows. See https://crbug.com/369219127 @ https://challenges.cloudflare.com/cdn-cgi/challenge-platform/h/g/turnstile/f/av0/rch/b6t8v/0x4AAAAAAAWXJGBD7bONzLBd/auto/fbE/new/normal?lang=en-us:0
[  198919ms] [LOG] [Fast Refresh] done in 3312ms @ http://localhost:3000/_next/static/chunks/node_modules_next_dist_1e8vcs8._.js:776
[  198980ms] [LOG] [Fast Refresh] done in 3312ms @ http://localhost:3000/_next/static/chunks/node_modules_next_dist_1e8vcs8._.js:776
[  199009ms] [WARNING] No available adapters. @ https://challenges.cloudflare.com/cdn-cgi/challenge-platform/h/g/turnstile/f/av0/rch/b6t8v/0x4AAAAAAAWXJGBD7bONzLBd/auto/fbE/new/normal?lang=en-us:0
[  199073ms] [LOG] [Fast Refresh] done in 3312ms @ http://localhost:3000/_next/static/chunks/node_modules_next_dist_1e8vcs8._.js:776
[  199134ms] [LOG] [Fast Refresh] done in 3312ms @ http://localhost:3000/_next/static/chunks/node_modules_next_dist_1e8vcs8._.js:776
[  199198ms] [LOG] [Fast Refresh] done in 3312ms @ http://localhost:3000/_next/static/chunks/node_modules_next_dist_1e8vcs8._.js:776
[  199259ms] [LOG] [Fast Refresh] done in 3312ms @ http://localhost:3000/_next/static/chunks/node_modules_next_dist_1e8vcs8._.js:776
[  199321ms] [LOG] [Fast Refresh] done in 3312ms @ http://localhost:3000/_next/static/chunks/node_modules_next_dist_1e8vcs8._.js:776
[  199383ms] [LOG] [Fast Refresh] done in 3312ms @ http://localhost:3000/_next/static/chunks/node_modules_next_dist_1e8vcs8._.js:776
[  199444ms] [LOG] [Fast Refresh] done in 3312ms @ http://localhost:3000/_next/static/chunks/node_modules_next_dist_1e8vcs8._.js:776
[  199505ms] [LOG] [Fast Refresh] done in 3312ms @ http://localhost:3000/_next/static/chunks/node_modules_next_dist_1e8vcs8._.js:776
[  199567ms] [LOG] [Fast Refresh] done in 3312ms @ http://localhost:3000/_next/static/chunks/node_modules_next_dist_1e8vcs8._.js:776
[  199628ms] [LOG] [Fast Refresh] done in 3312ms @ http://localhost:3000/_next/static/chunks/node_modules_next_dist_1e8vcs8._.js:776
[  199689ms] [LOG] [Fast Refresh] done in 3312ms @ http://localhost:3000/_next/static/chunks/node_modules_next_dist_1e8vcs8._.js:776
[  199753ms] [LOG] [Fast Refresh] done in 3312ms @ http://localhost:3000/_next/static/chunks/node_modules_next_dist_1e8vcs8._.js:776
[  199815ms] [LOG] [Fast Refresh] done in 3312ms @ http://localhost:3000/_next/static/chunks/node_modules_next_dist_1e8vcs8._.js:776
[  199878ms] [LOG] [Fast Refresh] done in 3312ms @ http://localhost:3000/_next/static/chunks/node_modules_next_dist_1e8vcs8._.js:776
[  199938ms] [LOG] [Fast Refresh] done in 3312ms @ http://localhost:3000/_next/static/chunks/node_modules_next_dist_1e8vcs8._.js:776
[  200001ms] [LOG] [Fast Refresh] done in 3312ms @ http://localhost:3000/_next/static/chunks/node_modules_next_dist_1e8vcs8._.js:776
[  200062ms] [LOG] [Fast Refresh] done in 3312ms @ http://localhost:3000/_next/static/chunks/node_modules_next_dist_1e8vcs8._.js:776
[  200124ms] [LOG] [Fast Refresh] done in 3312ms @ http://localhost:3000/_next/static/chunks/node_modules_next_dist_1e8vcs8._.js:776
[  200185ms] [LOG] [Fast Refresh] done in 3312ms @ http://localhost:3000/_next/static/chunks/node_modules_next_dist_1e8vcs8._.js:776
[  200590ms] [VERBOSE] [DOM] Password field is not contained in a form: (More info: https://goo.gl/9p2vKq) %o @ https://accounts.google.com/v3/signin/identifier?opparams=%253F&dsh=S-316111540%3A1787023181388164&access_type=offline&client_id=787459168867-0v2orf3qo56uocsi84iroseoahhuovdm.apps.googleusercontent.com&o2v=1&redirect_uri=https%3A%2F%2Fclerk.shared.lcl.dev%2Fv1%2Foauth_callback&response_type=code&scope=openid+https%3A%2F%2Fwww.googleapis.com%2Fauth%2Fuserinfo.email+https%3A%2F%2Fwww.googleapis.com%2Fauth%2Fuserinfo.profile&service=lso&state=6hikupzlcuyb9ytky7yh7tobl7p4uwo9vl0lcllg&flowName=GeneralOAuthFlow&continue=https%3A%2F%2Faccounts.google.com%2Fsignin%2Foauth%2Fconsent%3Fauthuser%3Dunknown%26part%3DAJi8hAMFb30hGB_Iz6FNnDaDEUOe4egJhS-b4dL0eDUvbH0n2qC0B_tc5tJqLRO6s87bjXHug3HzNUooVtt1RBMk7YXDsRUuWIJ2jShdhdjMZxX_a7P03caUm8LDnUKgXd3nevrfM0q4rNQ9O975nGRtn1SuETcAbDGXALjrGSozZSYHgkVZUkEbvYrT-UMNQ7FVC-AbKnKqRcs_uGKZZ4nPEXe0HowPxcuLrbYcSsd-HVn4YmE8SB8UvL6v4ivAhcweIw2RPvxgRwT6OYyk5a_5U3dPT_X38eBsueURbLfeJACrDIXMt7j30hSUipryHGZxfG-1uHltv8PLx8uw9CSGocSEjEqLjUQ1OGWPO7vT9rjSOCwaGbRviNBPUWcUqx9KgTco6VVhXb0MN7_suJYPrJ4BourJzzsr5niNvQTddbjYPRhRZMCczmOPl9ii0BVCi5ez_dUUjoZ3fVsEr9Xq0Nqz_mT0ZYuoESrnwW_q7iqbYPj2llo%26flowName%3DGeneralOAuthFlow%26as%3DS-316111540%253A1787023181388164%26client_id%3D787459168867-0v2orf3qo56uocsi84iroseoahhuovdm.apps.googleusercontent.com%26requestPath%3D%252Fsignin%252Foauth%252Fconsent%23&app_domain=https%3A%2F%2Fclerk.shared.lcl.dev&rart=ANgoxcfC7NAQLugqKjt53_J1_dtlGEV0nyTBKe_PUiQd4ldD1v8L53ji8UBOG7hRR6Pe0cD6KflhBtKlnQbjRaL1bbH3wfG_L5Upd-iyN_oz2-Q9F2lh6Lc:0
[  200597ms] [LOG] %c%s color: red; background: yellow; font-size: 24px; 경고! @ https://www.gstatic.com/_/mss/boq-identity/_/js/k=boq-identity.AccountsSignInUi.ko.mcRu9SJb0Es.es5.O/am=EQEAAADfgDcSAOT__38kAAMItgO-ZwE0AUIGAAAAAAAAAACwAAAAjQAC/d=1/excm=_b,_tp,identifierview/ed=1/dg=0/wt=2/ujg=1/rs=AOaEmlET-m12azAecYaApx_leRJv_O1vOg/dti=1/m=_b,_tp:554
[  200597ms] [LOG] %c%s font-size: 18px; 이 콘솔을 사용하면 공격자가 Self-XSS라는 공격을 통해 내 신원을 도용하여 내 정보를 빼낼 수 있습니다.
알지 못하는 코드를 입력하거나 붙여넣지 마세요. @ https://www.gstatic.com/_/mss/boq-identity/_/js/k=boq-identity.AccountsSignInUi.ko.mcRu9SJb0Es.es5.O/am=EQEAAADfgDcSAOT__38kAAMItgO-ZwE0AUIGAAAAAAAAAACwAAAAjQAC/d=1/excm=_b,_tp,identifierview/ed=1/dg=0/wt=2/ujg=1/rs=AOaEmlET-m12azAecYaApx_leRJv_O1vOg/dti=1/m=_b,_tp:554
[  203386ms] [WARNING] Blocked aria-hidden on an element because its descendant retained focus. The focus must not be hidden from assistive technology users. Avoid using aria-hidden on a focused element or its ancestor. Consider using the inert attribute instead, which will also prevent focus. For more details, see the aria-hidden section of the WAI-ARIA specification at https://w3c.github.io/aria/#aria-hidden.
Element with focus: <div.VfPpkd-qNpTzb-P1ekSe VfPpkd-qNpTzb-P1ekSe-OWXEXe-A9y3zc VfPpkd-qNpTzb-P1ekSe-OWXEXe-OiiCO-IhfUye>
Ancestor with aria-hidden: <div.wuMMWb> @ https://accounts.google.com/v3/signin/identifier?opparams=%253F&dsh=S-316111540%3A1787023181388164&access_type=offline&client_id=787459168867-0v2orf3qo56uocsi84iroseoahhuovdm.apps.googleusercontent.com&o2v=1&redirect_uri=https%3A%2F%2Fclerk.shared.lcl.dev%2Fv1%2Foauth_callback&response_type=code&scope=openid+https%3A%2F%2Fwww.googleapis.com%2Fauth%2Fuserinfo.email+https%3A%2F%2Fwww.googleapis.com%2Fauth%2Fuserinfo.profile&service=lso&state=6hikupzlcuyb9ytky7yh7tobl7p4uwo9vl0lcllg&flowName=GeneralOAuthFlow&continue=https%3A%2F%2Faccounts.google.com%2Fsignin%2Foauth%2Fconsent%3Fauthuser%3Dunknown%26part%3DAJi8hAMFb30hGB_Iz6FNnDaDEUOe4egJhS-b4dL0eDUvbH0n2qC0B_tc5tJqLRO6s87bjXHug3HzNUooVtt1RBMk7YXDsRUuWIJ2jShdhdjMZxX_a7P03caUm8LDnUKgXd3nevrfM0q4rNQ9O975nGRtn1SuETcAbDGXALjrGSozZSYHgkVZUkEbvYrT-UMNQ7FVC-AbKnKqRcs_uGKZZ4nPEXe0HowPxcuLrbYcSsd-HVn4YmE8SB8UvL6v4ivAhcweIw2RPvxgRwT6OYyk5a_5U3dPT_X38eBsueURbLfeJACrDIXMt7j30hSUipryHGZxfG-1uHltv8PLx8uw9CSGocSEjEqLjUQ1OGWPO7vT9rjSOCwaGbRviNBPUWcUqx9KgTco6VVhXb0MN7_suJYPrJ4BourJzzsr5niNvQTddbjYPRhRZMCczmOPl9ii0BVCi5ez_dUUjoZ3fVsEr9Xq0Nqz_mT0ZYuoESrnwW_q7iqbYPj2llo%26flowName%3DGeneralOAuthFlow%26as%3DS-316111540%253A1787023181388164%26client_id%3D787459168867-0v2orf3qo56uocsi84iroseoahhuovdm.apps.googleusercontent.com%26requestPath%3D%252Fsignin%252Foauth%252Fconsent%23&app_domain=https%3A%2F%2Fclerk.shared.lcl.dev&rart=ANgoxcfC7NAQLugqKjt53_J1_dtlGEV0nyTBKe_PUiQd4ldD1v8L53ji8UBOG7hRR6Pe0cD6KflhBtKlnQbjRaL1bbH3wfG_L5Upd-iyN_oz2-Q9F2lh6Lc:0
[  205775ms] [VERBOSE] [DOM] Password field is not contained in a form: (More info: https://goo.gl/9p2vKq) %o @ https://accounts.google.com/v3/signin/challenge/pwd?TL=ACv9tzFH8zcADfIMBKb9yWBXDI9m_RDl5Taf79WWDzIVviYwYZNBUmlN1oFi_JaA&access_type=offline&app_domain=https%3A%2F%2Fclerk.shared.lcl.dev&checkConnection=youtube%3A513&checkedDomains=youtube&cid=2&client_id=787459168867-0v2orf3qo56uocsi84iroseoahhuovdm.apps.googleusercontent.com&continue=https%3A%2F%2Faccounts.google.com%2Fsignin%2Foauth%2Fconsent%3Fauthuser%3Dunknown%26part%3DAJi8hAMFb30hGB_Iz6FNnDaDEUOe4egJhS-b4dL0eDUvbH0n2qC0B_tc5tJqLRO6s87bjXHug3HzNUooVtt1RBMk7YXDsRUuWIJ2jShdhdjMZxX_a7P03caUm8LDnUKgXd3nevrfM0q4rNQ9O975nGRtn1SuETcAbDGXALjrGSozZSYHgkVZUkEbvYrT-UMNQ7FVC-AbKnKqRcs_uGKZZ4nPEXe0HowPxcuLrbYcSsd-HVn4YmE8SB8UvL6v4ivAhcweIw2RPvxgRwT6OYyk5a_5U3dPT_X38eBsueURbLfeJACrDIXMt7j30hSUipryHGZxfG-1uHltv8PLx8uw9CSGocSEjEqLjUQ1OGWPO7vT9rjSOCwaGbRviNBPUWcUqx9KgTco6VVhXb0MN7_suJYPrJ4BourJzzsr5niNvQTddbjYPRhRZMCczmOPl9ii0BVCi5ez_dUUjoZ3fVsEr9Xq0Nqz_mT0ZYuoESrnwW_q7iqbYPj2llo%26flowName%3DGeneralOAuthFlow%26as%3DS-316111540%253A1787023181388164%26client_id%3D787459168867-0v2orf3qo56uocsi84iroseoahhuovdm.apps.googleusercontent.com%26requestPath%3D%252Fsignin%252Foauth%252Fconsent%23&dsh=S-316111540%3A1787023181388164&flowName=GeneralOAuthFlow&o2v=1&opparams=%253F&pstMsg=1&rart=ANgoxcfC7NAQLugqKjt53_J1_dtlGEV0nyTBKe_PUiQd4ldD1v8L53ji8UBOG7hRR6Pe0cD6KflhBtKlnQbjRaL1bbH3wfG_L5Upd-iyN_oz2-Q9F2lh6Lc&redirect_uri=https%3A%2F%2Fclerk.shared.lcl.dev%2Fv1%2Foauth_callback&response_type=code&scope=openid%20https%3A%2F%2Fwww.googleapis.com%2Fauth%2Fuserinfo.email%20https%3A%2F%2Fwww.googleapis.com%2Fauth%2Fuserinfo.profile&service=lso&state=6hikupzlcuyb9ytky7yh7tobl7p4uwo9vl0lcllg:0
[  200590ms] [VERBOSE] [DOM] Password field is not contained in a form: (More info: https://goo.gl/9p2vKq) %o @ https://accounts.google.com/v3/signin/identifier?opparams=%253F&dsh=S-316111540%3A1787023181388164&access_type=offline&client_id=787459168867-0v2orf3qo56uocsi84iroseoahhuovdm.apps.googleusercontent.com&o2v=1&redirect_uri=https%3A%2F%2Fclerk.shared.lcl.dev%2Fv1%2Foauth_callback&response_type=code&scope=openid+https%3A%2F%2Fwww.googleapis.com%2Fauth%2Fuserinfo.email+https%3A%2F%2Fwww.googleapis.com%2Fauth%2Fuserinfo.profile&service=lso&state=6hikupzlcuyb9ytky7yh7tobl7p4uwo9vl0lcllg&flowName=GeneralOAuthFlow&continue=https%3A%2F%2Faccounts.google.com%2Fsignin%2Foauth%2Fconsent%3Fauthuser%3Dunknown%26part%3DAJi8hAMFb30hGB_Iz6FNnDaDEUOe4egJhS-b4dL0eDUvbH0n2qC0B_tc5tJqLRO6s87bjXHug3HzNUooVtt1RBMk7YXDsRUuWIJ2jShdhdjMZxX_a7P03caUm8LDnUKgXd3nevrfM0q4rNQ9O975nGRtn1SuETcAbDGXALjrGSozZSYHgkVZUkEbvYrT-UMNQ7FVC-AbKnKqRcs_uGKZZ4nPEXe0HowPxcuLrbYcSsd-HVn4YmE8SB8UvL6v4ivAhcweIw2RPvxgRwT6OYyk5a_5U3dPT_X38eBsueURbLfeJACrDIXMt7j30hSUipryHGZxfG-1uHltv8PLx8uw9CSGocSEjEqLjUQ1OGWPO7vT9rjSOCwaGbRviNBPUWcUqx9KgTco6VVhXb0MN7_suJYPrJ4BourJzzsr5niNvQTddbjYPRhRZMCczmOPl9ii0BVCi5ez_dUUjoZ3fVsEr9Xq0Nqz_mT0ZYuoESrnwW_q7iqbYPj2llo%26flowName%3DGeneralOAuthFlow%26as%3DS-316111540%253A1787023181388164%26client_id%3D787459168867-0v2orf3qo56uocsi84iroseoahhuovdm.apps.googleusercontent.com%26requestPath%3D%252Fsignin%252Foauth%252Fconsent%23&app_domain=https%3A%2F%2Fclerk.shared.lcl.dev&rart=ANgoxcfC7NAQLugqKjt53_J1_dtlGEV0nyTBKe_PUiQd4ldD1v8L53ji8UBOG7hRR6Pe0cD6KflhBtKlnQbjRaL1bbH3wfG_L5Upd-iyN_oz2-Q9F2lh6Lc:0
[  203386ms] [WARNING] Blocked aria-hidden on an element because its descendant retained focus. The focus must not be hidden from assistive technology users. Avoid using aria-hidden on a focused element or its ancestor. Consider using the inert attribute instead, which will also prevent focus. For more details, see the aria-hidden section of the WAI-ARIA specification at https://w3c.github.io/aria/#aria-hidden.
Element with focus: <div.VfPpkd-qNpTzb-P1ekSe VfPpkd-qNpTzb-P1ekSe-OWXEXe-A9y3zc VfPpkd-qNpTzb-P1ekSe-OWXEXe-OiiCO-IhfUye>
Ancestor with aria-hidden: <div.wuMMWb> @ https://accounts.google.com/v3/signin/identifier?opparams=%253F&dsh=S-316111540%3A1787023181388164&access_type=offline&client_id=787459168867-0v2orf3qo56uocsi84iroseoahhuovdm.apps.googleusercontent.com&o2v=1&redirect_uri=https%3A%2F%2Fclerk.shared.lcl.dev%2Fv1%2Foauth_callback&response_type=code&scope=openid+https%3A%2F%2Fwww.googleapis.com%2Fauth%2Fuserinfo.email+https%3A%2F%2Fwww.googleapis.com%2Fauth%2Fuserinfo.profile&service=lso&state=6hikupzlcuyb9ytky7yh7tobl7p4uwo9vl0lcllg&flowName=GeneralOAuthFlow&continue=https%3A%2F%2Faccounts.google.com%2Fsignin%2Foauth%2Fconsent%3Fauthuser%3Dunknown%26part%3DAJi8hAMFb30hGB_Iz6FNnDaDEUOe4egJhS-b4dL0eDUvbH0n2qC0B_tc5tJqLRO6s87bjXHug3HzNUooVtt1RBMk7YXDsRUuWIJ2jShdhdjMZxX_a7P03caUm8LDnUKgXd3nevrfM0q4rNQ9O975nGRtn1SuETcAbDGXALjrGSozZSYHgkVZUkEbvYrT-UMNQ7FVC-AbKnKqRcs_uGKZZ4nPEXe0HowPxcuLrbYcSsd-HVn4YmE8SB8UvL6v4ivAhcweIw2RPvxgRwT6OYyk5a_5U3dPT_X38eBsueURbLfeJACrDIXMt7j30hSUipryHGZxfG-1uHltv8PLx8uw9CSGocSEjEqLjUQ1OGWPO7vT9rjSOCwaGbRviNBPUWcUqx9KgTco6VVhXb0MN7_suJYPrJ4BourJzzsr5niNvQTddbjYPRhRZMCczmOPl9ii0BVCi5ez_dUUjoZ3fVsEr9Xq0Nqz_mT0ZYuoESrnwW_q7iqbYPj2llo%26flowName%3DGeneralOAuthFlow%26as%3DS-316111540%253A1787023181388164%26client_id%3D787459168867-0v2orf3qo56uocsi84iroseoahhuovdm.apps.googleusercontent.com%26requestPath%3D%252Fsignin%252Foauth%252Fconsent%23&app_domain=https%3A%2F%2Fclerk.shared.lcl.dev&rart=ANgoxcfC7NAQLugqKjt53_J1_dtlGEV0nyTBKe_PUiQd4ldD1v8L53ji8UBOG7hRR6Pe0cD6KflhBtKlnQbjRaL1bbH3wfG_L5Upd-iyN_oz2-Q9F2lh6Lc:0
[  205775ms] [VERBOSE] [DOM] Password field is not contained in a form: (More info: https://goo.gl/9p2vKq) %o @ https://accounts.google.com/v3/signin/challenge/pwd?TL=ACv9tzFH8zcADfIMBKb9yWBXDI9m_RDl5Taf79WWDzIVviYwYZNBUmlN1oFi_JaA&access_type=offline&app_domain=https%3A%2F%2Fclerk.shared.lcl.dev&checkConnection=youtube%3A513&checkedDomains=youtube&cid=2&client_id=787459168867-0v2orf3qo56uocsi84iroseoahhuovdm.apps.googleusercontent.com&continue=https%3A%2F%2Faccounts.google.com%2Fsignin%2Foauth%2Fconsent%3Fauthuser%3Dunknown%26part%3DAJi8hAMFb30hGB_Iz6FNnDaDEUOe4egJhS-b4dL0eDUvbH0n2qC0B_tc5tJqLRO6s87bjXHug3HzNUooVtt1RBMk7YXDsRUuWIJ2jShdhdjMZxX_a7P03caUm8LDnUKgXd3nevrfM0q4rNQ9O975nGRtn1SuETcAbDGXALjrGSozZSYHgkVZUkEbvYrT-UMNQ7FVC-AbKnKqRcs_uGKZZ4nPEXe0HowPxcuLrbYcSsd-HVn4YmE8SB8UvL6v4ivAhcweIw2RPvxgRwT6OYyk5a_5U3dPT_X38eBsueURbLfeJACrDIXMt7j30hSUipryHGZxfG-1uHltv8PLx8uw9CSGocSEjEqLjUQ1OGWPO7vT9rjSOCwaGbRviNBPUWcUqx9KgTco6VVhXb0MN7_suJYPrJ4BourJzzsr5niNvQTddbjYPRhRZMCczmOPl9ii0BVCi5ez_dUUjoZ3fVsEr9Xq0Nqz_mT0ZYuoESrnwW_q7iqbYPj2llo%26flowName%3DGeneralOAuthFlow%26as%3DS-316111540%253A1787023181388164%26client_id%3D787459168867-0v2orf3qo56uocsi84iroseoahhuovdm.apps.googleusercontent.com%26requestPath%3D%252Fsignin%252Foauth%252Fconsent%23&dsh=S-316111540%3A1787023181388164&flowName=GeneralOAuthFlow&o2v=1&opparams=%253F&pstMsg=1&rart=ANgoxcfC7NAQLugqKjt53_J1_dtlGEV0nyTBKe_PUiQd4ldD1v8L53ji8UBOG7hRR6Pe0cD6KflhBtKlnQbjRaL1bbH3wfG_L5Upd-iyN_oz2-Q9F2lh6Lc&redirect_uri=https%3A%2F%2Fclerk.shared.lcl.dev%2Fv1%2Foauth_callback&response_type=code&scope=openid%20https%3A%2F%2Fwww.googleapis.com%2Fauth%2Fuserinfo.email%20https%3A%2F%2Fwww.googleapis.com%2Fauth%2Fuserinfo.profile&service=lso&state=6hikupzlcuyb9ytky7yh7tobl7p4uwo9vl0lcllg:0
[  233939ms] [LOG] %c%s color: red; background: yellow; font-size: 24px; 경고! @ https://www.gstatic.com/_/mss/boq-identity/_/js/k=boq-identity.OAuthUi.ko.pje-UBlEWq4.es5.O/am=EgAAAPABAoD___8Agu3AewZQgAAAAAAAAAAAgAEAIAI/d=1/excm=_b,_tp,attributesview/ed=1/dg=0/wt=2/ujg=1/rs=AOaEmlEjxTXLOeoSje1UKqOslJ8vAVnYoQ/dti=1/m=_b,_tp:539
[  233939ms] [LOG] %c%s font-size: 18px; 이 콘솔을 사용하면 공격자가 Self-XSS라는 공격을 통해 내 신원을 도용하여 내 정보를 빼낼 수 있습니다.
알지 못하는 코드를 입력하거나 붙여넣지 마세요. @ https://www.gstatic.com/_/mss/boq-identity/_/js/k=boq-identity.OAuthUi.ko.pje-UBlEWq4.es5.O/am=EgAAAPABAoD___8Agu3AewZQgAAAAAAAAAAAgAEAIAI/d=1/excm=_b,_tp,attributesview/ed=1/dg=0/wt=2/ujg=1/rs=AOaEmlEjxTXLOeoSje1UKqOslJ8vAVnYoQ/dti=1/m=_b,_tp:539
[  237728ms] [WARNING] Blocked aria-hidden on an element because its descendant retained focus. The focus must not be hidden from assistive technology users. Avoid using aria-hidden on a focused element or its ancestor. Consider using the inert attribute instead, which will also prevent focus. For more details, see the aria-hidden section of the WAI-ARIA specification at https://w3c.github.io/aria/#aria-hidden.
Element with focus: <div.VfPpkd-qNpTzb-P1ekSe VfPpkd-qNpTzb-P1ekSe-OWXEXe-A9y3zc VfPpkd-qNpTzb-P1ekSe-OWXEXe-OiiCO-IhfUye>
Ancestor with aria-hidden: <div.wuMMWb> @ https://accounts.google.com/signin/oauth/id?authuser=0&part=AJi8hAPnkJ8xrpFB6lXlxpQ3JsfI0HuaTZsKm9SaGoSmIF-bXRYcTNaGrZ1x7ez-fobKZ3RJV0JYNBl4wFr8HgHBZMcjUxHkDr6x8fhCaCQXsxqsHr0kPibcSN6j2YXohnskVK7uDT6Yzck5b_WfLCrkKm47fuMaXganNA9SHP5sbU_FMge506ETKYVCs2swoBz4FjHvmYwZ_LhnKwOOLUWeiBo1r4YG7gI-U64acN2CPL9kSI8jERFjM1LV0Jwtyp68f4sQlKL9jU_B2Bin7AOsn4fNZ5w9gdjtWS874ZN1kydJWo7smWuvTNTdw-4tmu4KmMmQVexzWpVqxHvbEe_B4uBqQ7rQRQYKoIAL0GYMz2-W3l1B5kBSCM0XHNtixY2beHxOBrhXyoVwEjHhHO-UFJu_XbMzhTcrsnVH7bP1H_76STW0la_WJVLgko30X79qfQpm6l3Kx4c2B1A_rcmXBBrgw4yNqgtSCLNHSTZoVAnqpxhNMSX5Xn0dqgZxiTR7m8ga4DAr4WTo3c9XIM9hw4-fzOLKWWT0JVPYILWG75yLRXiwJ_GXqBxle8ZAB6nuUzuFAht3sOJOY4-4qbZolzp22eTHQQrI3_FxIyN-U2Nu-5gpIrfJ6BnB9gCp6mVSEpQgg8GYtO1L33b2rmfFFBOmlv2c9Q3bXKJboognEJVYcKPK0GFvnfytzvneoUBT19O0QWN1bXJmDL6rNhTvKkICrlp8TQG-L1MQ9PQCUWUS14G5QAvikrkqXbjGQh-Vs-qgKVxhzlPK9Se9Vk2VwiiWeYwBh_B8oGZyCZl3veo1W_ztNzrJCzzuAGAJpaQ6VxZXKVfgR3SZwO0EwrDpSohvIQByxkFfunqcTqBSroh0nreTcbmNHWulIHq40sSJ9Z-vqU3wPt-ToA29hKU4tOwogwQ9S6Tu4jdQJ2iuM6C8qmYY2PRKvt-iCq8-LIDbNdlqev22XrfGbkPjqcoihKiwCNqJ37Zc2kY0YOOFCpqMR7yr-VsFpfigVyiM4zETcL_cUJfp6X7hcuC6OZAqzddDu5dxSxjb5pTqabFU1k7BJ-gnMwYXmvzxTlmYF5hGQ1rHQh_SrZaGgr_FNdJ3vjQL-ZxQfKbHoPETludpVeqF9Y26peuMD0hFvIhDKNNtQjnBmQDl1FF38H4Xoswy2gD_2tpr8w&flowName=GeneralOAuthFlow&as=S1027016650%3A1787023213071413&client_id=787459168867-0v2orf3qo56uocsi84iroseoahhuovdm.apps.googleusercontent.com&rapt=AEjHL4NeHvSyLu1Rm8gSu-sfll4BFnwBnCbcVI0LMpt3dPwTqzlZvB1ui0sySqN2WUuvFeSRKs28BYaLdV8aoaqnejwmb8LkwK0eUo723YVBiuZ5mnPhkso#:0
[  239091ms] [INFO] %cDownload the React DevTools for a better development experience: https://react.dev/link/react-devtools font-weight:bold @ http://localhost:3000/_next/static/chunks/node_modules_next_dist_1e8vcs8._.js:776
[  239108ms] [LOG] [HMR] connected @ http://localhost:3000/_next/static/chunks/node_modules_next_dist_1e8vcs8._.js:776
[  239327ms] [LOG] [Fast Refresh] rebuilding @ http://localhost:3000/_next/static/chunks/node_modules_next_dist_1e8vcs8._.js:776
[  239343ms] [WARNING] Clerk: Clerk has been loaded with development keys. Development instances have strict usage limits and should not be used when deploying your application to production. Learn more: https://clerk.com/docs/deployments/overview @ http://localhost:3000/_next/static/chunks/node_modules_next_dist_1e8vcs8._.js:776
[  242074ms] [LOG] [Fast Refresh] done in 2852ms @ http://localhost:3000/_next/static/chunks/node_modules_next_dist_1e8vcs8._.js:776
[  256645ms] [LOG] [Fast Refresh] rebuilding @ http://localhost:3000/_next/static/chunks/node_modules_next_dist_1e8vcs8._.js:776
[  263960ms] [LOG] [Fast Refresh] done in 7417ms @ http://localhost:3000/_next/static/chunks/node_modules_next_dist_1e8vcs8._.js:776
[  270075ms] [ERROR] Camera access error: NotFoundError: Requested device not found @ http://localhost:3000/_next/static/chunks/node_modules_next_dist_1e8vcs8._.js:1052
[  270089ms] [ERROR] Camera access error: NotFoundError: Requested device not found @ http://localhost:3000/_next/static/chunks/node_modules_next_dist_1e8vcs8._.js:1052
[  279570ms] [ERROR] Camera access error: NotFoundError: Requested device not found @ http://localhost:3000/_next/static/chunks/node_modules_next_dist_1e8vcs8._.js:1052
[  279573ms] [ERROR] Camera access error: NotFoundError: Requested device not found @ http://localhost:3000/_next/static/chunks/node_modules_next_dist_1e8vcs8._.js:1052
